// Jest Snapshot v1, https://goo.gl/fbAQLP

exports[`matches the snapshot 1`] = `
<Card
  className="card "
  expandable={false}
  expanded={null}
  initiallyExpanded={false}
>
  <CardTitle
    style={
      Object {
        "padding": 0,
      }
    }
    title="hello"
  />
  <CardText
    style={
      Object {
        "padding": 0,
      }
    }
  >
    <Component
      className=""
      skills={
        Object {
          "business": 1,
          "design": 2,
          "technical": 3,
        }
      }
      subtitle="world"
    />
  </CardText>
</Card>
`;
