// Jest Snapshot v1, https://goo.gl/fbAQLP

exports[`matches the snapshot 1`] = `
<Provider
  store={
    Object {
      "dispatch": [Function],
      "getState": [Function],
      "replaceReducer": [Function],
      "subscribe": [Function],
    }
  }
>
  <BrowserRouter>
    <MuiThemeProvider>
      <div
        className="app"
      >
        <withRouter(Navbar) />
        <Switch>
          <Route
            component={[Function]}
            exact={true}
            path="/"
          />
          <Route
            component={[Function]}
            path="/about"
          />
          <Route
            component={[Function]}
            path="/companies"
          />
          <Route
            component={[Function]}
          />
        </Switch>
      </div>
    </MuiThemeProvider>
  </BrowserRouter>
</Provider>
`;
