// Jest Snapshot v1, https://goo.gl/fbAQLP

exports[`matches the snapshot 1`] = `
<div
  className="about"
>
  Have you ever thought that your internship program was poorly managed? 
  <br />
  And you thought to yourself "I can do better" 
  <br />
  <br />
  Well.
  <br />
  <br />
  Here you go.
  <br />
  <br />
  Created by 
  <a
    href="http://jeremyhon.github.io"
  >
    Jeremy Hon
  </a>
</div>
`;
