// Jest Snapshot v1, https://goo.gl/fbAQLP

exports[`ConnectedDrawer matches the snapshot 1`] = `
<Drawer
  companies={Array []}
  deselectIntern={[Function]}
  selectedInternId=""
  store={
    Object {
      "dispatch": [Function],
      "getState": [Function],
      "replaceReducer": [Function],
      "subscribe": [Function],
    }
  }
  storeSubscription={
    Subscription {
      "listeners": Object {
        "notify": [Function],
      },
      "onStateChange": [Function],
      "parentSub": undefined,
      "store": Object {
        "dispatch": [Function],
        "getState": [Function],
        "replaceReducer": [Function],
        "subscribe": [Function],
        Symbol(observable): [Function],
      },
      "unsubscribe": null,
    }
  }
/>
`;

exports[`Unconnected Drawer matches the snapshot 1`] = `
<Drawer
  className="drawer"
  disableSwipeToOpen={false}
  docked={false}
  onRequestChange={[Function]}
  open={false}
  openSecondary={true}
  swipeAreaWidth={30}
  width={270}
  zDepth={2}
/>
`;
