// Jest Snapshot v1, https://goo.gl/fbAQLP

exports[`matches the snapshot 1`] = `
<Card
  className="intern-card"
  skills={
    Object {
      "business": 4,
      "design": 2,
      "technical": 3,
    }
  }
  subtitle="Skills"
  title={
    <span>
      Harry Potter
       
      <i
        aria-hidden="true"
        className="fa fa-mars"
      />
    </span>
  }
/>
`;
