// Jest Snapshot v1, https://goo.gl/fbAQLP

exports[`ConnectedIntern matches the snapshot 1`] = `
<Intern
  deselectIntern={[Function]}
  interns={Array []}
  populateInterns={[Function]}
  store={
    Object {
      "dispatch": [Function],
      "getState": [Function],
      "replaceReducer": [Function],
      "subscribe": [Function],
    }
  }
  storeSubscription={
    Subscription {
      "listeners": Object {
        "notify": [Function],
      },
      "onStateChange": [Function],
      "parentSub": undefined,
      "store": Object {
        "dispatch": [Function],
        "getState": [Function],
        "replaceReducer": [Function],
        "subscribe": [Function],
        Symbol(observable): [Function],
      },
      "unsubscribe": null,
    }
  }
/>
`;

exports[`Unconnected Intern matches the snapshot 1`] = `
<div
  className="intern"
>
  <Drawer
    disableSwipeToOpen={false}
    docked={false}
    onRequestChange={[Function]}
    open={false}
    openSecondary={true}
    swipeAreaWidth={30}
    width={250}
    zDepth={2}
  />
</div>
`;
