// Jest Snapshot v1, https://goo.gl/fbAQLP

exports[`matches the snapshot 1`] = `
<Card
  className="intern-card"
  skills={
    Object {
      "business": 4,
      "design": 2,
      "technical": 3,
    }
  }
  subtitle="Skills"
  title={
    <span>
      Harry Potter
       
      <i
        aria-hidden="true"
        className="fa fa-mars"
      />
    </span>
  }
>
  <div
    className="card-action"
  >
    <FlatButton
      backgroundColor="#B2EBF2"
      className="match-button"
      disabled={false}
      fullWidth={false}
      label="match with company"
      labelPosition="after"
      labelStyle={Object {}}
      onKeyboardFocus={[Function]}
      onMouseEnter={[Function]}
      onMouseLeave={[Function]}
      onTouchStart={[Function]}
      onTouchTap={[Function]}
      primary={false}
      secondary={false}
    />
  </div>
</Card>
`;
