// Jest Snapshot v1, https://goo.gl/fbAQLP

exports[`matches the snapshot 1`] = `
<div
  className="stat-container"
>
  <h3
    className="stat-subtitle"
  >
    Skills
    : 
  </h3>
  <p>
    <span
      className="stat-name"
    >
      Business
      :
    </span>
    <span
      className="stat-value"
    >
      1
    </span>
  </p>
  <p>
    <span
      className="stat-name"
    >
      Design
      :
    </span>
    <span
      className="stat-value"
    >
      1
    </span>
  </p>
  <p>
    <span
      className="stat-name"
    >
      Technical
      :
    </span>
    <span
      className="stat-value"
    >
      1
    </span>
  </p>
</div>
`;
